WARNING - Detected *.dsc, *.dsd, or *.dsk files.  
    ['forecast.dsc', 'forecast.dsd', 'forecast.dsk']    
These files may cause unexpected errors if not removed.
WARNING - Attempting deleting of file: forecast.dsc in Data Folder
WARNING - Deleted file: 
 ..\Input\timeseries\forecast.dsc
WARNING - Attempting deleting of file: forecast.dsd in Data Folder
WARNING - Deleted file: 
 ..\Input\timeseries\forecast.dsd
WARNING - Attempting deleting of file: forecast.dsk in Data Folder
WARNING - Deleted file: 
 ..\Input\timeseries\forecast.dsk
INFO - You have chosen to have this tool duplicate the rest of the records in the forecast.dss file that was not duplicated by the preprocessor.
INFO - Using the forecast.dss file: ..\Input\timeseries\forecast.dss
INFO -       T          A         B  ...                  F        E                      D
0   T33  FORE+CHAN  BYOLO040  ...  DSM2-20260616-21A     1DAY  01JAN2026 - 01JAN2026
1   T33  FORE+CHAN  BYOLO040  ...  DSM2-20260616-21B     1DAY  01JAN2026 - 01JAN2026
2   T33  FORE+CHAN  BYOLO040  ...  DSM2-20260616-21C     1DAY  01JAN2026 - 01JAN2026
3   T33  FORE+CHAN  CHCCC006  ...  DSM2-20260616-21A     1DAY  01JAN2026 - 01JAN2026
4   T33  FORE+CHAN  CHDMC004  ...  DSM2-20260616-21A     1DAY  01JAN2026 - 01JAN2026
5   T33  FORE+CHAN  CHDMC004  ...  DSM2-20260616-21B     1DAY  01JAN2026 - 01JAN2026
6   T33  FORE+CHAN  CHDMC004  ...  DSM2-20260616-21C     1DAY  01JAN2026 - 01JAN2026
7   T33  FORE+CHAN  CHSWP003  ...  DSM2-20260616-21A     1DAY  01JAN2026 - 01JAN2026
8   T33  FORE+CHAN  CHSWP003  ...  DSM2-20260616-21B     1DAY  01JAN2026 - 01JAN2026
9   T33  FORE+CHAN  CHSWP003  ...  DSM2-20260616-21C     1DAY  01JAN2026 - 01JAN2026
10  T33  FORE+CHAN  CHVCT001  ...  DSM2-20260616-21A     1DAY  01JAN2026 - 01JAN2026
11  T33  FORE+CHAN  CHWST000  ...  DSM2-20260616-21A     1DAY  01JAN2026 - 01JAN2026
12  T33  FORE+CHAN  CHWST000  ...  DSM2-20260616-21B     1DAY  01JAN2026 - 01JAN2026
13  T33  FORE+CHAN  CHWST000  ...  DSM2-20260616-21C     1DAY  01JAN2026 - 01JAN2026
14  T33  FORE+CHAN  CHWST000  ...  DSM2-20260616-21A     1DAY  01JAN2026 - 01JAN2026
15  T33  FORE+CHAN   RCAL009  ...  DSM2-20260616-21A     1DAY  01JAN2026 - 01JAN2026
16  T33  FORE+CHAN   RCAL009  ...  DSM2-20260616-21B     1DAY  01JAN2026 - 01JAN2026
17  T33  FORE+CHAN   RCAL009  ...  DSM2-20260616-21C     1DAY  01JAN2026 - 01JAN2026
18  T33  FORE+CHAN   RCSM075  ...  DSM2-20260616-21A     1DAY  01JAN2026 - 01JAN2026
19  T33  FORE+CHAN   RCSM075  ...  DSM2-20260616-21B     1DAY  01JAN2026 - 01JAN2026
20  T33  FORE+CHAN   RCSM075  ...  DSM2-20260616-21C     1DAY  01JAN2026 - 01JAN2026
21  T33  FORE+CHAN   RMKL070  ...  DSM2-20260616-21A     1DAY  01JAN2026 - 01JAN2026
22  T33  FORE+CHAN   RMKL070  ...  DSM2-20260616-21B     1DAY  01JAN2026 - 01JAN2026
23  T33  FORE+CHAN   RMKL070  ...  DSM2-20260616-21C     1DAY  01JAN2026 - 01JAN2026
24  T33  FORE+CHAN   ROLD034  ...  DSM2-20260616-21A     1DAY  01JAN2026 - 01JAN2026
25  T33  FORE+CHAN   RSAC155  ...  DSM2-20260616-21A     1DAY  01JAN2026 - 01JAN2026
26  T33  FORE+CHAN   RSAC155  ...  DSM2-20260616-21B     1DAY  01JAN2026 - 01JAN2026
27  T33  FORE+CHAN   RSAC155  ...  DSM2-20260616-21C     1DAY  01JAN2026 - 01JAN2026
28  T33  FORE+CHAN   RSAN112  ...  DSM2-20260616-21A     1DAY  01JAN2026 - 01JAN2026
29  T33  FORE+CHAN   RSAN112  ...  DSM2-20260616-21B     1DAY  01JAN2026 - 01JAN2026
30  T33  FORE+CHAN   RSAN112  ...  DSM2-20260616-21C     1DAY  01JAN2026 - 01JAN2026
31  T33  FORE+CHAN  SLBAR002  ...  DSM2-20260616-21A     1DAY  01JAN2026 - 01JAN2026
32  T33  FORE+GATE  CHWST000  ...  DSM2-20260616-21A  IR-YEAR  01JAN2026 - 01JAN2026

[33 rows x 7 columns]
INFO - /FORE+CHAN/BYOLO040/FLOW/01JAN2026 - 01JAN2026/1DAY/DSM2-20260616-21A/
INFO - /FORE+CHAN/BYOLO040/FLOW/01JAN2026 - 01JAN2026/1DAY/DSM2-20260616-21B/
INFO - /FORE+CHAN/BYOLO040/FLOW/01JAN2026 - 01JAN2026/1DAY/DSM2-20260616-21C/
INFO - /FORE+CHAN/CHCCC006/FLOW-DIVERSION/01JAN2026 - 01JAN2026/1DAY/DSM2-20260616-21A/
INFO - /FORE+CHAN/CHDMC004/FLOW-EXPORT/01JAN2026 - 01JAN2026/1DAY/DSM2-20260616-21A/
INFO - /FORE+CHAN/CHDMC004/FLOW-EXPORT/01JAN2026 - 01JAN2026/1DAY/DSM2-20260616-21B/
INFO - /FORE+CHAN/CHDMC004/FLOW-EXPORT/01JAN2026 - 01JAN2026/1DAY/DSM2-20260616-21C/
INFO - /FORE+CHAN/CHSWP003/FLOW-EXPORT/01JAN2026 - 01JAN2026/1DAY/DSM2-20260616-21A/
INFO - /FORE+CHAN/CHSWP003/FLOW-EXPORT/01JAN2026 - 01JAN2026/1DAY/DSM2-20260616-21B/
INFO - /FORE+CHAN/CHSWP003/FLOW-EXPORT/01JAN2026 - 01JAN2026/1DAY/DSM2-20260616-21C/
INFO - /FORE+CHAN/CHVCT001/FLOW-EXPORT/01JAN2026 - 01JAN2026/1DAY/DSM2-20260616-21A/
INFO - /FORE+CHAN/CHWST000/FLOW-ALLOTMENT/01JAN2026 - 01JAN2026/1DAY/DSM2-20260616-21A/
INFO - /FORE+CHAN/CHWST000/FLOW-ALLOTMENT/01JAN2026 - 01JAN2026/1DAY/DSM2-20260616-21B/
INFO - /FORE+CHAN/CHWST000/FLOW-ALLOTMENT/01JAN2026 - 01JAN2026/1DAY/DSM2-20260616-21C/
INFO - /FORE+CHAN/CHWST000/FLOW-MAX/01JAN2026 - 01JAN2026/1DAY/DSM2-20260616-21A/
INFO - /FORE+CHAN/RCAL009/FLOW/01JAN2026 - 01JAN2026/1DAY/DSM2-20260616-21A/
INFO - /FORE+CHAN/RCAL009/FLOW/01JAN2026 - 01JAN2026/1DAY/DSM2-20260616-21B/
INFO - /FORE+CHAN/RCAL009/FLOW/01JAN2026 - 01JAN2026/1DAY/DSM2-20260616-21C/
INFO - /FORE+CHAN/RCSM075/FLOW/01JAN2026 - 01JAN2026/1DAY/DSM2-20260616-21A/
INFO - /FORE+CHAN/RCSM075/FLOW/01JAN2026 - 01JAN2026/1DAY/DSM2-20260616-21B/
INFO - /FORE+CHAN/RCSM075/FLOW/01JAN2026 - 01JAN2026/1DAY/DSM2-20260616-21C/
INFO - /FORE+CHAN/RMKL070/FLOW/01JAN2026 - 01JAN2026/1DAY/DSM2-20260616-21A/
INFO - /FORE+CHAN/RMKL070/FLOW/01JAN2026 - 01JAN2026/1DAY/DSM2-20260616-21B/
INFO - /FORE+CHAN/RMKL070/FLOW/01JAN2026 - 01JAN2026/1DAY/DSM2-20260616-21C/
INFO - /FORE+CHAN/ROLD034/FLOW-EXPORT/01JAN2026 - 01JAN2026/1DAY/DSM2-20260616-21A/
INFO - /FORE+CHAN/RSAC155/FLOW/01JAN2026 - 01JAN2026/1DAY/DSM2-20260616-21A/
INFO - /FORE+CHAN/RSAC155/FLOW/01JAN2026 - 01JAN2026/1DAY/DSM2-20260616-21B/
INFO - /FORE+CHAN/RSAC155/FLOW/01JAN2026 - 01JAN2026/1DAY/DSM2-20260616-21C/
INFO - /FORE+CHAN/RSAN112/FLOW/01JAN2026 - 01JAN2026/1DAY/DSM2-20260616-21A/
INFO - /FORE+CHAN/RSAN112/FLOW/01JAN2026 - 01JAN2026/1DAY/DSM2-20260616-21B/
INFO - /FORE+CHAN/RSAN112/FLOW/01JAN2026 - 01JAN2026/1DAY/DSM2-20260616-21C/
INFO - /FORE+CHAN/SLBAR002/FLOW-EXPORT/01JAN2026 - 01JAN2026/1DAY/DSM2-20260616-21A/
INFO - /FORE+GATE/CHWST000/POS/01JAN2026 - 01JAN2026/IR-YEAR/DSM2-20260616-21A/
INFO - ['DSM2-20260616-21A' 'DSM2-20260616-21B' 'DSM2-20260616-21C']
INFO - Groupby loop working on ('BYOLO040', 'FLOW')
INFO - Found scenarios: ['DSM2-20260616-21A', 'DSM2-20260616-21B', 'DSM2-20260616-21C']
INFO - Compare scenarios: True
INFO - Groupby Scenarios vs Compare Scenarios: []
INFO - Groupby loop working on ('CHCCC006', 'FLOW-DIVERSION')
INFO - Found scenarios: ['DSM2-20260616-21A']
INFO - Compare scenarios: False
INFO - Groupby Scenarios vs Compare Scenarios: ['DSM2-20260616-21B', 'DSM2-20260616-21C']
INFO - Create: ['DSM2-20260616-21B', 'DSM2-20260616-21C']
INFO - Original pathname for duplication: /FORE+CHAN/CHCCC006/FLOW-DIVERSION/01JAN2026 - 01JAN2026/1DAY/DSM2-20260616-21A/
INFO - New pathname for duplication: /FORE+CHAN/CHCCC006/FLOW-DIVERSION/01JAN2026 - 01JAN2026/1DAY/DSM2-20260616-21B/
INFO - New pathname for duplication: /FORE+CHAN/CHCCC006/FLOW-DIVERSION/01JAN2026 - 01JAN2026/1DAY/DSM2-20260616-21C/
INFO - Groupby loop working on ('CHDMC004', 'FLOW-EXPORT')
INFO - Found scenarios: ['DSM2-20260616-21A', 'DSM2-20260616-21B', 'DSM2-20260616-21C']
INFO - Compare scenarios: True
INFO - Groupby Scenarios vs Compare Scenarios: []
INFO - Groupby loop working on ('CHSWP003', 'FLOW-EXPORT')
INFO - Found scenarios: ['DSM2-20260616-21A', 'DSM2-20260616-21B', 'DSM2-20260616-21C']
INFO - Compare scenarios: True
INFO - Groupby Scenarios vs Compare Scenarios: []
INFO - Groupby loop working on ('CHVCT001', 'FLOW-EXPORT')
INFO - Found scenarios: ['DSM2-20260616-21A']
INFO - Compare scenarios: False
INFO - Groupby Scenarios vs Compare Scenarios: ['DSM2-20260616-21B', 'DSM2-20260616-21C']
INFO - Create: ['DSM2-20260616-21B', 'DSM2-20260616-21C']
INFO - Original pathname for duplication: /FORE+CHAN/CHVCT001/FLOW-EXPORT/01JAN2026 - 01JAN2026/1DAY/DSM2-20260616-21A/
INFO - New pathname for duplication: /FORE+CHAN/CHVCT001/FLOW-EXPORT/01JAN2026 - 01JAN2026/1DAY/DSM2-20260616-21B/
INFO - New pathname for duplication: /FORE+CHAN/CHVCT001/FLOW-EXPORT/01JAN2026 - 01JAN2026/1DAY/DSM2-20260616-21C/
INFO - Groupby loop working on ('CHWST000', 'FLOW-ALLOTMENT')
INFO - Found scenarios: ['DSM2-20260616-21A', 'DSM2-20260616-21B', 'DSM2-20260616-21C']
INFO - Compare scenarios: True
INFO - Groupby Scenarios vs Compare Scenarios: []
INFO - Groupby loop working on ('CHWST000', 'FLOW-MAX')
INFO - Found scenarios: ['DSM2-20260616-21A']
INFO - Compare scenarios: False
INFO - Groupby Scenarios vs Compare Scenarios: ['DSM2-20260616-21B', 'DSM2-20260616-21C']
INFO - Create: ['DSM2-20260616-21B', 'DSM2-20260616-21C']
INFO - Original pathname for duplication: /FORE+CHAN/CHWST000/FLOW-MAX/01JAN2026 - 01JAN2026/1DAY/DSM2-20260616-21A/
INFO - New pathname for duplication: /FORE+CHAN/CHWST000/FLOW-MAX/01JAN2026 - 01JAN2026/1DAY/DSM2-20260616-21B/
INFO - New pathname for duplication: /FORE+CHAN/CHWST000/FLOW-MAX/01JAN2026 - 01JAN2026/1DAY/DSM2-20260616-21C/
INFO - Groupby loop working on ('CHWST000', 'POS')
INFO - Found scenarios: ['DSM2-20260616-21A']
INFO - Compare scenarios: False
INFO - Groupby Scenarios vs Compare Scenarios: ['DSM2-20260616-21B', 'DSM2-20260616-21C']
INFO - Create: ['DSM2-20260616-21B', 'DSM2-20260616-21C']
INFO - Original pathname for duplication: /FORE+GATE/CHWST000/POS/01JAN2026 - 01JAN2026/IR-YEAR/DSM2-20260616-21A/
INFO - New pathname for duplication: /FORE+GATE/CHWST000/POS/01JAN2026 - 01JAN2026/IR-YEAR/DSM2-20260616-21B/
INFO - New pathname for duplication: /FORE+GATE/CHWST000/POS/01JAN2026 - 01JAN2026/IR-YEAR/DSM2-20260616-21C/
INFO - Groupby loop working on ('RCAL009', 'FLOW')
INFO - Found scenarios: ['DSM2-20260616-21A', 'DSM2-20260616-21B', 'DSM2-20260616-21C']
INFO - Compare scenarios: True
INFO - Groupby Scenarios vs Compare Scenarios: []
INFO - Groupby loop working on ('RCSM075', 'FLOW')
INFO - Found scenarios: ['DSM2-20260616-21A', 'DSM2-20260616-21B', 'DSM2-20260616-21C']
INFO - Compare scenarios: True
INFO - Groupby Scenarios vs Compare Scenarios: []
INFO - Groupby loop working on ('RMKL070', 'FLOW')
INFO - Found scenarios: ['DSM2-20260616-21A', 'DSM2-20260616-21B', 'DSM2-20260616-21C']
INFO - Compare scenarios: True
INFO - Groupby Scenarios vs Compare Scenarios: []
INFO - Groupby loop working on ('ROLD034', 'FLOW-EXPORT')
INFO - Found scenarios: ['DSM2-20260616-21A']
INFO - Compare scenarios: False
INFO - Groupby Scenarios vs Compare Scenarios: ['DSM2-20260616-21B', 'DSM2-20260616-21C']
INFO - Create: ['DSM2-20260616-21B', 'DSM2-20260616-21C']
INFO - Original pathname for duplication: /FORE+CHAN/ROLD034/FLOW-EXPORT/01JAN2026 - 01JAN2026/1DAY/DSM2-20260616-21A/
INFO - New pathname for duplication: /FORE+CHAN/ROLD034/FLOW-EXPORT/01JAN2026 - 01JAN2026/1DAY/DSM2-20260616-21B/
INFO - New pathname for duplication: /FORE+CHAN/ROLD034/FLOW-EXPORT/01JAN2026 - 01JAN2026/1DAY/DSM2-20260616-21C/
INFO - Groupby loop working on ('RSAC155', 'FLOW')
INFO - Found scenarios: ['DSM2-20260616-21A', 'DSM2-20260616-21B', 'DSM2-20260616-21C']
INFO - Compare scenarios: True
INFO - Groupby Scenarios vs Compare Scenarios: []
INFO - Groupby loop working on ('RSAN112', 'FLOW')
INFO - Found scenarios: ['DSM2-20260616-21A', 'DSM2-20260616-21B', 'DSM2-20260616-21C']
INFO - Compare scenarios: True
INFO - Groupby Scenarios vs Compare Scenarios: []
INFO - Groupby loop working on ('SLBAR002', 'FLOW-EXPORT')
INFO - Found scenarios: ['DSM2-20260616-21A']
INFO - Compare scenarios: False
INFO - Groupby Scenarios vs Compare Scenarios: ['DSM2-20260616-21B', 'DSM2-20260616-21C']
INFO - Create: ['DSM2-20260616-21B', 'DSM2-20260616-21C']
INFO - Original pathname for duplication: /FORE+CHAN/SLBAR002/FLOW-EXPORT/01JAN2026 - 01JAN2026/1DAY/DSM2-20260616-21A/
INFO - New pathname for duplication: /FORE+CHAN/SLBAR002/FLOW-EXPORT/01JAN2026 - 01JAN2026/1DAY/DSM2-20260616-21B/
INFO - New pathname for duplication: /FORE+CHAN/SLBAR002/FLOW-EXPORT/01JAN2026 - 01JAN2026/1DAY/DSM2-20260616-21C/
INFO - ***Beginning Writing Sequence for Duplication***
INFO - Original Pathname: /FORE+CHAN/CHCCC006/FLOW-DIVERSION/01JAN2026 - 01JAN2026/1DAY/DSM2-20260616-21A/
INFO - Duplication Pathname: /FORE+CHAN/CHCCC006/FLOW-DIVERSION/01JAN2026 - 01JAN2026/1DAY/DSM2-20260616-21B/
INFO - Wrote /FORE+CHAN/CHCCC006/FLOW-DIVERSION/01JAN2026 - 01JAN2026/1DAY/DSM2-20260616-21B/ as a regular time-series
INFO - Original Pathname: /FORE+CHAN/CHCCC006/FLOW-DIVERSION/01JAN2026 - 01JAN2026/1DAY/DSM2-20260616-21A/
INFO - Duplication Pathname: /FORE+CHAN/CHCCC006/FLOW-DIVERSION/01JAN2026 - 01JAN2026/1DAY/DSM2-20260616-21C/
INFO - Wrote /FORE+CHAN/CHCCC006/FLOW-DIVERSION/01JAN2026 - 01JAN2026/1DAY/DSM2-20260616-21C/ as a regular time-series
INFO - Original Pathname: /FORE+CHAN/CHVCT001/FLOW-EXPORT/01JAN2026 - 01JAN2026/1DAY/DSM2-20260616-21A/
INFO - Duplication Pathname: /FORE+CHAN/CHVCT001/FLOW-EXPORT/01JAN2026 - 01JAN2026/1DAY/DSM2-20260616-21B/
INFO - Wrote /FORE+CHAN/CHVCT001/FLOW-EXPORT/01JAN2026 - 01JAN2026/1DAY/DSM2-20260616-21B/ as a regular time-series
INFO - Original Pathname: /FORE+CHAN/CHVCT001/FLOW-EXPORT/01JAN2026 - 01JAN2026/1DAY/DSM2-20260616-21A/
INFO - Duplication Pathname: /FORE+CHAN/CHVCT001/FLOW-EXPORT/01JAN2026 - 01JAN2026/1DAY/DSM2-20260616-21C/
INFO - Wrote /FORE+CHAN/CHVCT001/FLOW-EXPORT/01JAN2026 - 01JAN2026/1DAY/DSM2-20260616-21C/ as a regular time-series
INFO - Original Pathname: /FORE+CHAN/CHWST000/FLOW-MAX/01JAN2026 - 01JAN2026/1DAY/DSM2-20260616-21A/
INFO - Duplication Pathname: /FORE+CHAN/CHWST000/FLOW-MAX/01JAN2026 - 01JAN2026/1DAY/DSM2-20260616-21B/
INFO - Wrote /FORE+CHAN/CHWST000/FLOW-MAX/01JAN2026 - 01JAN2026/1DAY/DSM2-20260616-21B/ as a regular time-series
INFO - Original Pathname: /FORE+CHAN/CHWST000/FLOW-MAX/01JAN2026 - 01JAN2026/1DAY/DSM2-20260616-21A/
INFO - Duplication Pathname: /FORE+CHAN/CHWST000/FLOW-MAX/01JAN2026 - 01JAN2026/1DAY/DSM2-20260616-21C/
INFO - Wrote /FORE+CHAN/CHWST000/FLOW-MAX/01JAN2026 - 01JAN2026/1DAY/DSM2-20260616-21C/ as a regular time-series
INFO - Original Pathname: /FORE+GATE/CHWST000/POS/01JAN2026 - 01JAN2026/IR-YEAR/DSM2-20260616-21A/
INFO - Duplication Pathname: /FORE+GATE/CHWST000/POS/01JAN2026 - 01JAN2026/IR-YEAR/DSM2-20260616-21B/
INFO - Wrote /FORE+GATE/CHWST000/POS//IR-YEAR/DSM2-20260616-21B/ as an irregular time-series using interval: IR-YEAR
INFO - Original Pathname: /FORE+GATE/CHWST000/POS/01JAN2026 - 01JAN2026/IR-YEAR/DSM2-20260616-21A/
INFO - Duplication Pathname: /FORE+GATE/CHWST000/POS/01JAN2026 - 01JAN2026/IR-YEAR/DSM2-20260616-21C/
INFO - Wrote /FORE+GATE/CHWST000/POS//IR-YEAR/DSM2-20260616-21C/ as an irregular time-series using interval: IR-YEAR
INFO - Original Pathname: /FORE+CHAN/ROLD034/FLOW-EXPORT/01JAN2026 - 01JAN2026/1DAY/DSM2-20260616-21A/
INFO - Duplication Pathname: /FORE+CHAN/ROLD034/FLOW-EXPORT/01JAN2026 - 01JAN2026/1DAY/DSM2-20260616-21B/
INFO - Wrote /FORE+CHAN/ROLD034/FLOW-EXPORT/01JAN2026 - 01JAN2026/1DAY/DSM2-20260616-21B/ as a regular time-series
INFO - Original Pathname: /FORE+CHAN/ROLD034/FLOW-EXPORT/01JAN2026 - 01JAN2026/1DAY/DSM2-20260616-21A/
INFO - Duplication Pathname: /FORE+CHAN/ROLD034/FLOW-EXPORT/01JAN2026 - 01JAN2026/1DAY/DSM2-20260616-21C/
INFO - Wrote /FORE+CHAN/ROLD034/FLOW-EXPORT/01JAN2026 - 01JAN2026/1DAY/DSM2-20260616-21C/ as a regular time-series
INFO - Original Pathname: /FORE+CHAN/SLBAR002/FLOW-EXPORT/01JAN2026 - 01JAN2026/1DAY/DSM2-20260616-21A/
INFO - Duplication Pathname: /FORE+CHAN/SLBAR002/FLOW-EXPORT/01JAN2026 - 01JAN2026/1DAY/DSM2-20260616-21B/
INFO - Wrote /FORE+CHAN/SLBAR002/FLOW-EXPORT/01JAN2026 - 01JAN2026/1DAY/DSM2-20260616-21B/ as a regular time-series
INFO - Original Pathname: /FORE+CHAN/SLBAR002/FLOW-EXPORT/01JAN2026 - 01JAN2026/1DAY/DSM2-20260616-21A/
INFO - Duplication Pathname: /FORE+CHAN/SLBAR002/FLOW-EXPORT/01JAN2026 - 01JAN2026/1DAY/DSM2-20260616-21C/
INFO - Wrote /FORE+CHAN/SLBAR002/FLOW-EXPORT/01JAN2026 - 01JAN2026/1DAY/DSM2-20260616-21C/ as a regular time-series
INFO - Runtime: 0:00:08.084530 seconds
