INFO - user key input: convert 
 set to: ..\DataExternal\20260317\03_16_OMRI -5000.csv
INFO - user key input: forecast 
 set to: ..\Input\timeseries\forecast.dss
INFO - user key input: dicu 
 set to: ..\DataExternal\20260317\dicu.dss
INFO - user key input: forecast_start 
 set to: 2026-03-17 00:00:00
INFO - user key input: forecast_end 
 set to: 2026-04-07 00:00:00
INFO - user key input: scenario_id 
 set to: A
INFO - mapping dictionary key: CCF 
 set to: {'B': 'CHWST000', 'C': 'FLOW-ALLOTMENT'}
INFO - mapping dictionary key: TPP 
 set to: {'B': 'CHDMC004', 'C': 'FLOW-EXPORT'}
INFO - mapping dictionary key: VNS 
 set to: {'B': 'RSAN112', 'C': 'FLOW'}
INFO - mapping dictionary key: FPT 
 set to: {'B': 'RSAC155', 'C': 'FLOW'}
INFO - mapping dictionary key: CAL 
 set to: {'B': 'RCAL009', 'C': 'FLOW'}
INFO - mapping dictionary key: MOKE 
 set to: {'B': 'RMKL070', 'C': 'FLOW'}
INFO - mapping dictionary key: COS 
 set to: {'B': 'RCSM075', 'C': 'FLOW'}
INFO - mapping dictionary key: SACWEIR 
 set to: {'B': 'BYOLO040', 'C': 'FLOW'}
INFO - mapping dictionary key: FREWEIR 
 set to: {'B': 'BYOLO040', 'C': 'FLOW'}
